// Jest Snapshot v1, https://goo.gl/fbAQLP

exports[` 1`] = `
<Pagination
  limitPerPage={10}
  offsetFc={[MockFunction]}
  totalDataElements={100}
  totalShowedButtonsInPagination={5}
/>
`;
